1 3 2 
4 9 3 1 2 5 6 7 8 10 
1 9 5 3 7 2 10 6 4 8 
